src/modules/Bookings/service/serviceRequest.controller.ts(87,46): error TS2769: No overload matches this call.
  Overload 1 of 4, '(filter?: _QueryFilter<{ location: { lat?: number | null; lng?: number | null; }; userId: ObjectId; createdAt: NativeDate; price: number; bookingType: NonNullable<"SCHEDULED" | "ON_DEMAND">; ... 11 more ...; "scheduledSlot.endTime": NativeDate | ... 1 more ... | undefined; }> | undefined, projection?: ProjectionType<...> | ... 1 more ... | undefined, options?: (QueryOptions<...> & Abortable) | undefined): Query<...>', gave the following error.
    Argument of type '{ childServiceId: { $in: mongoose.Types.ObjectId[][]; }; status: string | QueryString.ParsedQs | (string | QueryString.ParsedQs)[] | undefined; }' is not assignable to parameter of type '_QueryFilter<{ location: { lat?: number | null; lng?: number | null; }; userId: ObjectId; createdAt: NativeDate; price: number; bookingType: NonNullable<"SCHEDULED" | "ON_DEMAND">; ... 11 more ...; "scheduledSlot.endTime": NativeDate | ... 1 more ... | undefined; }>' with 'exactOptionalPropertyTypes: true'. Consider adding 'undefined' to the types of the target's properties.
      Type '{ childServiceId: { $in: mongoose.Types.ObjectId[][]; }; status: string | QueryString.ParsedQs | (string | QueryString.ParsedQs)[] | undefined; }' is not assignable to type '{ location?: Condition<ApplyBasicQueryCasting<{ lat?: number | null; lng?: number | null; }>>; userId?: Condition<ApplyBasicQueryCasting<ObjectId>>; ... 14 more ...; "scheduledSlot.endTime"?: string | ... 6 more ... | null; }' with 'exactOptionalPropertyTypes: true'. Consider adding 'undefined' to the types of the target's properties.
        Types of property 'status' are incompatible.
          Type 'string | ParsedQs | (string | ParsedQs)[] | undefined' is not assignable to type 'Condition<ApplyBasicQueryCasting<NonNullable<"PENDING" | "COMPLETED" | "BROADCASTED" | "ACCEPTED" | "IN_PROGRESS" | "CANCELLED">>>'.
            Type 'undefined' is not assignable to type 'Condition<ApplyBasicQueryCasting<NonNullable<"PENDING" | "COMPLETED" | "BROADCASTED" | "ACCEPTED" | "IN_PROGRESS" | "CANCELLED">>>'.
  Overload 2 of 4, '(filter?: Query<any, any, {}, unknown, "find", Record<string, never>> | undefined, projection?: ProjectionType<{ userId: ObjectId; price: number; bookingType: "SCHEDULED" | "ON_DEMAND"; ... 7 more ...; assignedRoleId?: ObjectId | null; } & DefaultTimestampProps> | null | undefined, options?: (QueryOptions<...> & Abortable) | undefined): Query<...>', gave the following error.
    Object literal may only specify known properties, and 'childServiceId' does not exist in type 'Query<any, any, {}, unknown, "find", Record<string, never>>'.
